This is a TEST file created by automation system.This is a TEST file created by automation system.
This is a TEST file created by automation system.
This is a TEST file created by automation system.
This is a TEST file created by automation system.
This is a TEST file created by automation system.
This is a TEST file created by automation system.
This is a TEST file created by automation system.
This is a TEST file created by automation system.
This is a TEST file created by automation system.
This is a TEST file created by automation system.
This is a TEST file created by automation system.
This is a TEST file created by automation system.
This is a TEST file created by automation system.
This is a TEST file created by automation system.
This is a TEST file created by automation system.
This is a TEST file created by automation system.
This is a TEST file created by automation system.
This is a TEST file created by automation system.
This is a TEST file created by automation system.
This is a TEST file created by automation system.
This is a TEST file created by automation system.
This is a TEST file created by automation system.
This is a TEST file created by automation system.
This is a TEST file created by automation system.
This is a TEST file created by automation system.
This is a TEST file created by automation system.
This is a TEST file created by automation system.
This is a TEST file created by automation system.
This is a TEST file created by automation system.
This is a TEST file created by automation system.
